Archive member included because of file (symbol)

c:/ac6/systemworkbench/plugins/fr.ac6.mcu.externaltools.arm-none.win32_1.3.0.201507241045/tools/compiler/bin/../lib/gcc/arm-none-eabi/4.9.3/../../../../arm-none-eabi/lib/armv7e-m/fpu\libc_nano.a(lib_a-exit.o)
                              c:/ac6/systemworkbench/plugins/fr.ac6.mcu.externaltools.arm-none.win32_1.3.0.201507241045/tools/compiler/bin/../lib/gcc/arm-none-eabi/4.9.3/../../../../arm-none-eabi/lib/armv7e-m/fpu/crt0.o (exit)
c:/ac6/systemworkbench/plugins/fr.ac6.mcu.externaltools.arm-none.win32_1.3.0.201507241045/tools/compiler/bin/../lib/gcc/arm-none-eabi/4.9.3/../../../../arm-none-eabi/lib/armv7e-m/fpu\libc_nano.a(lib_a-impure.o)
                              c:/ac6/systemworkbench/plugins/fr.ac6.mcu.externaltools.arm-none.win32_1.3.0.201507241045/tools/compiler/bin/../lib/gcc/arm-none-eabi/4.9.3/../../../../arm-none-eabi/lib/armv7e-m/fpu\libc_nano.a(lib_a-exit.o) (_global_impure_ptr)
c:/ac6/systemworkbench/plugins/fr.ac6.mcu.externaltools.arm-none.win32_1.3.0.201507241045/tools/compiler/bin/../lib/gcc/arm-none-eabi/4.9.3/../../../../arm-none-eabi/lib/armv7e-m/fpu\libc_nano.a(lib_a-init.o)
                              c:/ac6/systemworkbench/plugins/fr.ac6.mcu.externaltools.arm-none.win32_1.3.0.201507241045/tools/compiler/bin/../lib/gcc/arm-none-eabi/4.9.3/../../../../arm-none-eabi/lib/armv7e-m/fpu/crt0.o (__libc_init_array)
c:/ac6/systemworkbench/plugins/fr.ac6.mcu.externaltools.arm-none.win32_1.3.0.201507241045/tools/compiler/bin/../lib/gcc/arm-none-eabi/4.9.3/../../../../arm-none-eabi/lib/armv7e-m/fpu\libc_nano.a(lib_a-malloc.o)
                              Middlewares/USB_Device_Library/usbd_hid.o (malloc)
c:/ac6/systemworkbench/plugins/fr.ac6.mcu.externaltools.arm-none.win32_1.3.0.201507241045/tools/compiler/bin/../lib/gcc/arm-none-eabi/4.9.3/../../../../arm-none-eabi/lib/armv7e-m/fpu\libc_nano.a(lib_a-memset.o)
                              c:/ac6/systemworkbench/plugins/fr.ac6.mcu.externaltools.arm-none.win32_1.3.0.201507241045/tools/compiler/bin/../lib/gcc/arm-none-eabi/4.9.3/../../../../arm-none-eabi/lib/armv7e-m/fpu/crt0.o (memset)
c:/ac6/systemworkbench/plugins/fr.ac6.mcu.externaltools.arm-none.win32_1.3.0.201507241045/tools/compiler/bin/../lib/gcc/arm-none-eabi/4.9.3/../../../../arm-none-eabi/lib/armv7e-m/fpu\libc_nano.a(lib_a-nano-freer.o)
                              c:/ac6/systemworkbench/plugins/fr.ac6.mcu.externaltools.arm-none.win32_1.3.0.201507241045/tools/compiler/bin/../lib/gcc/arm-none-eabi/4.9.3/../../../../arm-none-eabi/lib/armv7e-m/fpu\libc_nano.a(lib_a-malloc.o) (_free_r)
c:/ac6/systemworkbench/plugins/fr.ac6.mcu.externaltools.arm-none.win32_1.3.0.201507241045/tools/compiler/bin/../lib/gcc/arm-none-eabi/4.9.3/../../../../arm-none-eabi/lib/armv7e-m/fpu\libc_nano.a(lib_a-nano-mallocr.o)
                              c:/ac6/systemworkbench/plugins/fr.ac6.mcu.externaltools.arm-none.win32_1.3.0.201507241045/tools/compiler/bin/../lib/gcc/arm-none-eabi/4.9.3/../../../../arm-none-eabi/lib/armv7e-m/fpu\libc_nano.a(lib_a-malloc.o) (_malloc_r)
c:/ac6/systemworkbench/plugins/fr.ac6.mcu.externaltools.arm-none.win32_1.3.0.201507241045/tools/compiler/bin/../lib/gcc/arm-none-eabi/4.9.3/../../../../arm-none-eabi/lib/armv7e-m/fpu\libc_nano.a(lib_a-sbrkr.o)
                              c:/ac6/systemworkbench/plugins/fr.ac6.mcu.externaltools.arm-none.win32_1.3.0.201507241045/tools/compiler/bin/../lib/gcc/arm-none-eabi/4.9.3/../../../../arm-none-eabi/lib/armv7e-m/fpu\libc_nano.a(lib_a-nano-mallocr.o) (_sbrk_r)
c:/ac6/systemworkbench/plugins/fr.ac6.mcu.externaltools.arm-none.win32_1.3.0.201507241045/tools/compiler/bin/../lib/gcc/arm-none-eabi/4.9.3/../../../../arm-none-eabi/lib/armv7e-m/fpu\libc_nano.a(lib_a-reent.o)
                              c:/ac6/systemworkbench/plugins/fr.ac6.mcu.externaltools.arm-none.win32_1.3.0.201507241045/tools/compiler/bin/../lib/gcc/arm-none-eabi/4.9.3/../../../../arm-none-eabi/lib/armv7e-m/fpu\libc_nano.a(lib_a-sbrkr.o) (errno)
c:/ac6/systemworkbench/plugins/fr.ac6.mcu.externaltools.arm-none.win32_1.3.0.201507241045/tools/compiler/bin/../lib/gcc/arm-none-eabi/4.9.3/../../../../arm-none-eabi/lib/armv7e-m/fpu\libnosys.a(sbrk.o)
                              c:/ac6/systemworkbench/plugins/fr.ac6.mcu.externaltools.arm-none.win32_1.3.0.201507241045/tools/compiler/bin/../lib/gcc/arm-none-eabi/4.9.3/../../../../arm-none-eabi/lib/armv7e-m/fpu\libc_nano.a(lib_a-sbrkr.o) (_sbrk)
c:/ac6/systemworkbench/plugins/fr.ac6.mcu.externaltools.arm-none.win32_1.3.0.201507241045/tools/compiler/bin/../lib/gcc/arm-none-eabi/4.9.3/../../../../arm-none-eabi/lib/armv7e-m/fpu\libnosys.a(_exit.o)
                              c:/ac6/systemworkbench/plugins/fr.ac6.mcu.externaltools.arm-none.win32_1.3.0.201507241045/tools/compiler/bin/../lib/gcc/arm-none-eabi/4.9.3/../../../../arm-none-eabi/lib/armv7e-m/fpu\libc_nano.a(lib_a-exit.o) (_exit)

Allocating common symbols
Common symbol       size              file

[...]
Memory Configuration

Name             Origin             Length             Attributes
FLASH            0x08000000         0x00100000         xr
RAM              0x20000000         0x00020000         xrw
CCMRAM           0x10000000         0x00010000         rw
*default*        0x00000000         0xffffffff

Linker script and memory map

LOAD c:/ac6/systemworkbench/plugins/fr.ac6.mcu.externaltools.arm-none.win32_1.3.0.201507241045/tools/compiler/bin/../lib/gcc/arm-none-eabi/4.9.3/armv7e-m/fpu/crti.o
LOAD c:/ac6/systemworkbench/plugins/fr.ac6.mcu.externaltools.arm-none.win32_1.3.0.201507241045/tools/compiler/bin/../lib/gcc/arm-none-eabi/4.9.3/armv7e-m/fpu/crtbegin.o
LOAD c:/ac6/systemworkbench/plugins/fr.ac6.mcu.externaltools.arm-none.win32_1.3.0.201507241045/tools/compiler/bin/../lib/gcc/arm-none-eabi/4.9.3/../../../../arm-none-eabi/lib/armv7e-m/fpu/crt0.o
LOAD c:/ac6/systemworkbench/plugins/fr.ac6.mcu.externaltools.arm-none.win32_1.3.0.201507241045/tools/compiler/bin/../lib/gcc/arm-none-eabi/4.9.3/../../../../arm-none-eabi/lib/armv7e-m/fpu\libm.a
LOAD Middlewares/USB_Device_Library/usbd_core.o
LOAD Middlewares/USB_Device_Library/usbd_ctlreq.o
LOAD Middlewares/USB_Device_Library/usbd_hid.o
LOAD Middlewares/USB_Device_Library/usbd_ioreq.o
LOAD Drivers/STM32F4xx_HAL_Driver/stm32f4xx_hal.o
LOAD Drivers/STM32F4xx_HAL_Driver/stm32f4xx_hal_cortex.o
LOAD Drivers/STM32F4xx_HAL_Driver/stm32f4xx_hal_dma.o
LOAD Drivers/STM32F4xx_HAL_Driver/stm32f4xx_hal_dma_ex.o
LOAD Drivers/STM32F4xx_HAL_Driver/stm32f4xx_hal_flash.o
LOAD Drivers/STM32F4xx_HAL_Driver/stm32f4xx_hal_flash_ex.o
LOAD Drivers/STM32F4xx_HAL_Driver/stm32f4xx_hal_flash_ramfunc.o
LOAD Drivers/STM32F4xx_HAL_Driver/stm32f4xx_hal_gpio.o
LOAD Drivers/STM32F4xx_HAL_Driver/stm32f4xx_hal_pcd.o
LOAD Drivers/STM32F4xx_HAL_Driver/stm32f4xx_hal_pcd_ex.o
LOAD Drivers/STM32F4xx_HAL_Driver/stm32f4xx_hal_pwr.o
LOAD Drivers/STM32F4xx_HAL_Driver/stm32f4xx_hal_pwr_ex.o
LOAD Drivers/STM32F4xx_HAL_Driver/stm32f4xx_hal_rcc.o
LOAD Drivers/STM32F4xx_HAL_Driver/stm32f4xx_hal_rcc_ex.o
LOAD Drivers/STM32F4xx_HAL_Driver/stm32f4xx_hal_tim.o
LOAD Drivers/STM32F4xx_HAL_Driver/stm32f4xx_hal_tim_ex.o
LOAD Drivers/STM32F4xx_HAL_Driver/stm32f4xx_ll_usb.o
LOAD Drivers/CMSIS/system_stm32f4xx.o
LOAD Application/User/gpio.o
LOAD Application/User/main.o
LOAD Application/User/stm32f4xx_hal_msp.o
LOAD Application/User/stm32f4xx_it.o
LOAD Application/User/usb_device.o
LOAD Application/User/usbd_conf.o
LOAD Application/User/usbd_desc.o
LOAD Application/SW4STM32/startup_stm32f407xx.o
START GROUP
LOAD c:/ac6/systemworkbench/plugins/fr.ac6.mcu.externaltools.arm-none.win32_1.3.0.201507241045/tools/compiler/bin/../lib/gcc/arm-none-eabi/4.9.3/armv7e-m/fpu\libgcc.a
LOAD c:/ac6/systemworkbench/plugins/fr.ac6.mcu.externaltools.arm-none.win32_1.3.0.201507241045/tools/compiler/bin/../lib/gcc/arm-none-eabi/4.9.3/../../../../arm-none-eabi/lib/armv7e-m/fpu\libc_nano.a
END GROUP
START GROUP
LOAD c:/ac6/systemworkbench/plugins/fr.ac6.mcu.externaltools.arm-none.win32_1.3.0.201507241045/tools/compiler/bin/../lib/gcc/arm-none-eabi/4.9.3/armv7e-m/fpu\libgcc.a
LOAD c:/ac6/systemworkbench/plugins/fr.ac6.mcu.externaltools.arm-none.win32_1.3.0.201507241045/tools/compiler/bin/../lib/gcc/arm-none-eabi/4.9.3/../../../../arm-none-eabi/lib/armv7e-m/fpu\libc_nano.a
LOAD c:/ac6/systemworkbench/plugins/fr.ac6.mcu.externaltools.arm-none.win32_1.3.0.201507241045/tools/compiler/bin/../lib/gcc/arm-none-eabi/4.9.3/../../../../arm-none-eabi/lib/armv7e-m/fpu\libnosys.a
END GROUP
START GROUP
LOAD c:/ac6/systemworkbench/plugins/fr.ac6.mcu.externaltools.arm-none.win32_1.3.0.201507241045/tools/compiler/bin/../lib/gcc/arm-none-eabi/4.9.3/armv7e-m/fpu\libgcc.a
LOAD c:/ac6/systemworkbench/plugins/fr.ac6.mcu.externaltools.arm-none.win32_1.3.0.201507241045/tools/compiler/bin/../lib/gcc/arm-none-eabi/4.9.3/../../../../arm-none-eabi/lib/armv7e-m/fpu\libc_nano.a
LOAD c:/ac6/systemworkbench/plugins/fr.ac6.mcu.externaltools.arm-none.win32_1.3.0.201507241045/tools/compiler/bin/../lib/gcc/arm-none-eabi/4.9.3/../../../../arm-none-eabi/lib/armv7e-m/fpu\libnosys.a
END GROUP
LOAD c:/ac6/systemworkbench/plugins/fr.ac6.mcu.externaltools.arm-none.win32_1.3.0.201507241045/tools/compiler/bin/../lib/gcc/arm-none-eabi/4.9.3/armv7e-m/fpu/crtend.o
LOAD c:/ac6/systemworkbench/plugins/fr.ac6.mcu.externaltools.arm-none.win32_1.3.0.201507241045/tools/compiler/bin/../lib/gcc/arm-none-eabi/4.9.3/armv7e-m/fpu/crtn.o
                0x20020000                _estack = 0x20020000
                0x00000200                _Min_Heap_Size = 0x200
                0x00000400                _Min_Stack_Size = 0x400

.isr_vector     0x08000000      0x188
                0x08000000                . = ALIGN (0x4)
 *(.isr_vector)
 .isr_vector    0x08000000      0x188 Application/SW4STM32/startup_stm32f407xx.o
                0x08000000                g_pfnVectors
                0x08000188                . = ALIGN (0x4)

.text           0x08000188     0x2bc8
                0x08000188                . = ALIGN (0x4)
 *(.text)
 .text          0x08000188       0x5c c:/ac6/systemworkbench/plugins/fr.ac6.mcu.externaltools.arm-none.win32_1.3.0.201507241045/tools/compiler/bin/../lib/gcc/arm-none-eabi/4.9.3/armv7e-m/fpu/crtbegin.o
 *(.text*)
 .text.USBD_Init
                0x080001e4       0x2a Middlewares/USB_Device_Library/usbd_core.o
                0x080001e4                USBD_Init
 .text.USBD_RegisterClass
                0x0800020e        0xe Middlewares/USB_Device_Library/usbd_core.o
                0x0800020e                USBD_RegisterClass
 .text.USBD_Start
                0x0800021c        0xa Middlewares/USB_Device_Library/usbd_core.o
                0x0800021c                USBD_Start
 .text.USBD_SetClassConfig
                0x08000226       0x16 Middlewares/USB_Device_Library/usbd_core.o
                0x08000226                USBD_SetClassConfig
 .text.USBD_ClrClassConfig
                0x0800023c        0xe Middlewares/USB_Device_Library/usbd_core.o
                0x0800023c                USBD_ClrClassConfig
 .text.USBD_LL_SetupStage
                0x0800024a       0x5a Middlewares/USB_Device_Library/usbd_core.o
                0x0800024a                USBD_LL_SetupStage
 .text.USBD_LL_DataOutStage
                0x080002a4       0x60 Middlewares/USB_Device_Library/usbd_core.o
                0x080002a4                USBD_LL_DataOutStage
 .text.USBD_LL_DataInStage
                0x08000304       0x9c Middlewares/USB_Device_Library/usbd_core.o
                0x08000304                USBD_LL_DataInStage
 .text.USBD_LL_Reset
                0x080003a0       0x3e Middlewares/USB_Device_Library/usbd_core.o
                0x080003a0                USBD_LL_Reset
 .text.USBD_LL_SetSpeed
                0x080003de        0x6 Middlewares/USB_Device_Library/usbd_core.o
                0x080003de                USBD_LL_SetSpeed
 .text.USBD_LL_Suspend
                0x080003e4       0x12 Middlewares/USB_Device_Library/usbd_core.o
                0x080003e4                USBD_LL_Suspend
 .text.USBD_LL_Resume
                0x080003f6        0xc Middlewares/USB_Device_Library/usbd_core.o
                0x080003f6                USBD_LL_Resume
 .text.USBD_LL_SOF
                0x08000402       0x18 Middlewares/USB_Device_Library/usbd_core.o
                0x08000402                USBD_LL_SOF
 .text.USBD_LL_IsoINIncomplete
                0x0800041a        0x4 Middlewares/USB_Device_Library/usbd_core.o
                0x0800041a                USBD_LL_IsoINIncomplete
 .text.USBD_LL_IsoOUTIncomplete
                0x0800041e        0x4 Middlewares/USB_Device_Library/usbd_core.o
                0x0800041e                USBD_LL_IsoOUTIncomplete
 .text.USBD_LL_DevConnected
                0x08000422        0x4 Middlewares/USB_Device_Library/usbd_core.o
                0x08000422                USBD_LL_DevConnected
 .text.USBD_LL_DevDisconnected
                0x08000426       0x16 Middlewares/USB_Device_Library/usbd_core.o
                0x08000426                USBD_LL_DevDisconnected
 .text.USBD_ParseSetupRequest
                0x0800043c       0x28 Middlewares/USB_Device_Library/usbd_ctlreq.o
                0x0800043c                USBD_ParseSetupRequest
 .text.USBD_CtlError
                0x08000464       0x16 Middlewares/USB_Device_Library/usbd_ctlreq.o
                0x08000464                USBD_CtlError
 *fill*         0x0800047a        0x2 
 .text.USBD_StdDevReq
                0x0800047c      0x218 Middlewares/USB_Device_Library/usbd_ctlreq.o
                0x0800047c                USBD_StdDevReq
 .text.USBD_StdItfReq
                0x08000694       0x30 Middlewares/USB_Device_Library/usbd_ctlreq.o
                0x08000694                USBD_StdItfReq
 .text.USBD_StdEPReq
                0x080006c4       0xc6 Middlewares/USB_Device_Library/usbd_ctlreq.o
                0x080006c4                USBD_StdEPReq
 .text.USBD_GetString
                0x0800078a       0x3a Middlewares/USB_Device_Library/usbd_ctlreq.o
                0x0800078a                USBD_GetString
 .text.USBD_HID_GetCfgDesc
                0x080007c4        0xc Middlewares/USB_Device_Library/usbd_hid.o
 .text.USBD_HID_DataIn
                0x080007d0        0xa Middlewares/USB_Device_Library/usbd_hid.o
 *fill*         0x080007da        0x2 
 .text.USBD_HID_GetDeviceQualifierDesc
                0x080007dc        0xc Middlewares/USB_Device_Library/usbd_hid.o
 .text.USBD_HID_Setup
                0x080007e8       0xb0 Middlewares/USB_Device_Library/usbd_hid.o
 .text.USBD_HID_DeInit
                0x08000898       0x1e Middlewares/USB_Device_Library/usbd_hid.o
 .text.USBD_HID_Init
                0x080008b6       0x26 Middlewares/USB_Device_Library/usbd_hid.o
 .text.USBD_HID_SendReport
                0x080008dc       0x26 Middlewares/USB_Device_Library/usbd_hid.o
                0x080008dc                USBD_HID_SendReport
 .text.USBD_CtlSendData
                0x08000902       0x1c Middlewares/USB_Device_Library/usbd_ioreq.o
                0x08000902                USBD_CtlSendData
 .text.USBD_CtlContinueSendData
                0x0800091e       0x12 Middlewares/USB_Device_Library/usbd_ioreq.o
                0x0800091e                USBD_CtlContinueSendData
 .text.USBD_CtlContinueRx
                0x08000930       0x12 Middlewares/USB_Device_Library/usbd_ioreq.o
                0x08000930                USBD_CtlContinueRx
 .text.USBD_CtlSendStatus
                0x08000942       0x16 Middlewares/USB_Device_Library/usbd_ioreq.o
                0x08000942                USBD_CtlSendStatus
 .text.USBD_CtlReceiveStatus
                0x08000958       0x16 Middlewares/USB_Device_Library/usbd_ioreq.o
                0x08000958                USBD_CtlReceiveStatus
 .text.HAL_InitTick
                0x0800096e       0x24 Drivers/STM32F4xx_HAL_Driver/stm32f4xx_hal.o
                0x0800096e                HAL_InitTick
 *fill*         0x08000992        0x2 
 .text.HAL_Init
                0x08000994       0x34 Drivers/STM32F4xx_HAL_Driver/stm32f4xx_hal.o
                0x08000994                HAL_Init
 .text.HAL_IncTick
                0x080009c8       0x10 Drivers/STM32F4xx_HAL_Driver/stm32f4xx_hal.o
                0x080009c8                HAL_IncTick
 .text.HAL_GetTick
                0x080009d8        0xc Drivers/STM32F4xx_HAL_Driver/stm32f4xx_hal.o
                0x080009d8                HAL_GetTick
 .text.HAL_Delay
                0x080009e4       0x1a Drivers/STM32F4xx_HAL_Driver/stm32f4xx_hal.o
                0x080009e4                HAL_Delay
 *fill*         0x080009fe        0x2 
 .text.HAL_NVIC_SetPriorityGrouping
                0x08000a00       0x38 Drivers/STM32F4xx_HAL_Driver/stm32f4xx_hal_cortex.o
                0x08000a00                HAL_NVIC_SetPriorityGrouping
 .text.HAL_NVIC_SetPriority
                0x08000a38       0x84 Drivers/STM32F4xx_HAL_Driver/stm32f4xx_hal_cortex.o
                0x08000a38                HAL_NVIC_SetPriority
 .text.HAL_NVIC_EnableIRQ
                0x08000abc       0x28 Drivers/STM32F4xx_HAL_Driver/stm32f4xx_hal_cortex.o
                0x08000abc                HAL_NVIC_EnableIRQ
 .text.HAL_SYSTICK_Config
                0x08000ae4       0x2c Drivers/STM32F4xx_HAL_Driver/stm32f4xx_hal_cortex.o
                0x08000ae4                HAL_SYSTICK_Config
 .text.HAL_SYSTICK_CLKSourceConfig
                0x08000b10       0x30 Drivers/STM32F4xx_HAL_Driver/stm32f4xx_hal_cortex.o
                0x08000b10                HAL_SYSTICK_CLKSourceConfig
 .text.HAL_SYSTICK_Callback
                0x08000b40        0x2 Drivers/STM32F4xx_HAL_Driver/stm32f4xx_hal_cortex.o
                0x08000b40                HAL_SYSTICK_Callback
 .text.HAL_SYSTICK_IRQHandler
                0x08000b42        0x8 Drivers/STM32F4xx_HAL_Driver/stm32f4xx_hal_cortex.o
                0x08000b42                HAL_SYSTICK_IRQHandler
 *fill*         0x08000b4a        0x2 
 .text.HAL_GPIO_Init
                0x08000b4c      0x278 Drivers/STM32F4xx_HAL_Driver/stm32f4xx_hal_gpio.o
                0x08000b4c                HAL_GPIO_Init
 .text.HAL_PCD_Init
                0x08000dc4      0x100 Drivers/STM32F4xx_HAL_Driver/stm32f4xx_hal_pcd.o
                0x08000dc4                HAL_PCD_Init
 .text.HAL_PCD_Start
                0x08000ec4       0x2a Drivers/STM32F4xx_HAL_Driver/stm32f4xx_hal_pcd.o
                0x08000ec4                HAL_PCD_Start
 .text.HAL_PCD_IRQHandler
                0x08000eee      0x480 Drivers/STM32F4xx_HAL_Driver/stm32f4xx_hal_pcd.o
                0x08000eee                HAL_PCD_IRQHandler
 .text.HAL_PCD_SetAddress
                0x0800136e       0x24 Drivers/STM32F4xx_HAL_Driver/stm32f4xx_hal_pcd.o
                0x0800136e                HAL_PCD_SetAddress
 .text.HAL_PCD_EP_Open
                0x08001392       0x5a Drivers/STM32F4xx_HAL_Driver/stm32f4xx_hal_pcd.o
                0x08001392                HAL_PCD_EP_Open
 .text.HAL_PCD_EP_Close
                0x080013ec       0x48 Drivers/STM32F4xx_HAL_Driver/stm32f4xx_hal_pcd.o
                0x080013ec                HAL_PCD_EP_Close
 .text.HAL_PCD_EP_Receive
                0x08001434       0x64 Drivers/STM32F4xx_HAL_Driver/stm32f4xx_hal_pcd.o
                0x08001434                HAL_PCD_EP_Receive
 .text.HAL_PCD_EP_Transmit
                0x08001498       0x5a Drivers/STM32F4xx_HAL_Driver/stm32f4xx_hal_pcd.o
                0x08001498                HAL_PCD_EP_Transmit
 .text.HAL_PCD_EP_SetStall
                0x080014f2       0x5a Drivers/STM32F4xx_HAL_Driver/stm32f4xx_hal_pcd.o
                0x080014f2                HAL_PCD_EP_SetStall
 .text.HAL_PCD_EP_ClrStall
                0x0800154c       0x4c Drivers/STM32F4xx_HAL_Driver/stm32f4xx_hal_pcd.o
                0x0800154c                HAL_PCD_EP_ClrStall
 .text.HAL_PCDEx_SetTxFiFo
                0x08001598       0x42 Drivers/STM32F4xx_HAL_Driver/stm32f4xx_hal_pcd_ex.o
                0x08001598                HAL_PCDEx_SetTxFiFo
 .text.HAL_PCDEx_SetRxFiFo
                0x080015da        0x8 Drivers/STM32F4xx_HAL_Driver/stm32f4xx_hal_pcd_ex.o
                0x080015da                HAL_PCDEx_SetRxFiFo
 *fill*         0x080015e2        0x2 
 .text.HAL_RCC_OscConfig
                0x080015e4      0x3b0 Drivers/STM32F4xx_HAL_Driver/stm32f4xx_hal_rcc.o
                0x080015e4                HAL_RCC_OscConfig
 .text.HAL_RCC_ClockConfig
                0x08001994      0x1ec Drivers/STM32F4xx_HAL_Driver/stm32f4xx_hal_rcc.o
                0x08001994                HAL_RCC_ClockConfig
 .text.HAL_RCC_GetSysClockFreq
                0x08001b80       0x80 Drivers/STM32F4xx_HAL_Driver/stm32f4xx_hal_rcc.o
                0x08001b80                HAL_RCC_GetSysClockFreq
 .text.HAL_RCC_GetHCLKFreq
                0x08001c00       0x34 Drivers/STM32F4xx_HAL_Driver/stm32f4xx_hal_rcc.o
                0x08001c00                HAL_RCC_GetHCLKFreq
 .text.USB_CoreReset
                0x08001c34       0x30 Drivers/STM32F4xx_HAL_Driver/stm32f4xx_ll_usb.o
 .text.USB_CoreInit
                0x08001c64       0x76 Drivers/STM32F4xx_HAL_Driver/stm32f4xx_ll_usb.o
                0x08001c64                USB_CoreInit
 .text.USB_EnableGlobalInt
                0x08001cda        0xc Drivers/STM32F4xx_HAL_Driver/stm32f4xx_ll_usb.o
                0x08001cda                USB_EnableGlobalInt
 .text.USB_DisableGlobalInt
                0x08001ce6        0xc Drivers/STM32F4xx_HAL_Driver/stm32f4xx_ll_usb.o
                0x08001ce6                USB_DisableGlobalInt
 .text.USB_SetCurrentMode
                0x08001cf2       0x2c Drivers/STM32F4xx_HAL_Driver/stm32f4xx_ll_usb.o
                0x08001cf2                USB_SetCurrentMode
 *fill*         0x08001d1e        0x2 
 .text.USB_FlushTxFifo
                0x08001d20       0x24 Drivers/STM32F4xx_HAL_Driver/stm32f4xx_ll_usb.o
                0x08001d20                USB_FlushTxFifo
 .text.USB_FlushRxFifo
                0x08001d44       0x20 Drivers/STM32F4xx_HAL_Driver/stm32f4xx_ll_usb.o
                0x08001d44                USB_FlushRxFifo
 .text.USB_SetDevSpeed
                0x08001d64        0xe Drivers/STM32F4xx_HAL_Driver/stm32f4xx_ll_usb.o
                0x08001d64                USB_SetDevSpeed
 *fill*         0x08001d72        0x2 
 .text.USB_DevInit
                0x08001d74      0x12c Drivers/STM32F4xx_HAL_Driver/stm32f4xx_ll_usb.o
                0x08001d74                USB_DevInit
 .text.USB_GetDevSpeed
                0x08001ea0       0x36 Drivers/STM32F4xx_HAL_Driver/stm32f4xx_ll_usb.o
                0x08001ea0                USB_GetDevSpeed
 .text.USB_ActivateEndpoint
                0x08001ed6       0x82 Drivers/STM32F4xx_HAL_Driver/stm32f4xx_ll_usb.o
                0x08001ed6                USB_ActivateEndpoint
 .text.USB_DeactivateEndpoint
                0x08001f58       0x6e Drivers/STM32F4xx_HAL_Driver/stm32f4xx_ll_usb.o
                0x08001f58                USB_DeactivateEndpoint
 .text.USB_EP0StartXfer
                0x08001fc6      0x150 Drivers/STM32F4xx_HAL_Driver/stm32f4xx_ll_usb.o
                0x08001fc6                USB_EP0StartXfer
 .text.USB_WritePacket
                0x08002116       0x28 Drivers/STM32F4xx_HAL_Driver/stm32f4xx_ll_usb.o
                0x08002116                USB_WritePacket
 *fill*         0x0800213e        0x2 
 .text.USB_EPStartXfer
                0x08002140      0x238 Drivers/STM32F4xx_HAL_Driver/stm32f4xx_ll_usb.o
                0x08002140                USB_EPStartXfer
 .text.USB_ReadPacket
                0x08002378       0x1c Drivers/STM32F4xx_HAL_Driver/stm32f4xx_ll_usb.o
                0x08002378                USB_ReadPacket
 .text.USB_EPSetStall
                0x08002394       0x64 Drivers/STM32F4xx_HAL_Driver/stm32f4xx_ll_usb.o
                0x08002394                USB_EPSetStall
 .text.USB_EPClearStall
                0x080023f8       0x3e Drivers/STM32F4xx_HAL_Driver/stm32f4xx_ll_usb.o
                0x080023f8                USB_EPClearStall
 .text.USB_SetDevAddress
                0x08002436       0x20 Drivers/STM32F4xx_HAL_Driver/stm32f4xx_ll_usb.o
                0x08002436                USB_SetDevAddress
 .text.USB_DevConnect
                0x08002456       0x18 Drivers/STM32F4xx_HAL_Driver/stm32f4xx_ll_usb.o
                0x08002456                USB_DevConnect
 .text.USB_DevDisconnect
                0x0800246e       0x18 Drivers/STM32F4xx_HAL_Driver/stm32f4xx_ll_usb.o
                0x0800246e                USB_DevDisconnect
 .text.USB_ReadInterrupts
                0x08002486        0x8 Drivers/STM32F4xx_HAL_Driver/stm32f4xx_ll_usb.o
                0x08002486                USB_ReadInterrupts
 .text.USB_ReadDevAllOutEpInterrupt
                0x0800248e       0x10 Drivers/STM32F4xx_HAL_Driver/stm32f4xx_ll_usb.o
                0x0800248e                USB_ReadDevAllOutEpInterrupt
 .text.USB_ReadDevAllInEpInterrupt
                0x0800249e       0x10 Drivers/STM32F4xx_HAL_Driver/stm32f4xx_ll_usb.o
                0x0800249e                USB_ReadDevAllInEpInterrupt
 .text.USB_ReadDevOutEPInterrupt
                0x080024ae       0x12 Drivers/STM32F4xx_HAL_Driver/stm32f4xx_ll_usb.o
                0x080024ae                USB_ReadDevOutEPInterrupt
 .text.USB_ReadDevInEPInterrupt
                0x080024c0       0x1e Drivers/STM32F4xx_HAL_Driver/stm32f4xx_ll_usb.o
                0x080024c0                USB_ReadDevInEPInterrupt
 .text.USB_GetMode
                0x080024de        0x8 Drivers/STM32F4xx_HAL_Driver/stm32f4xx_ll_usb.o
                0x080024de                USB_GetMode
 .text.USB_ActivateSetup
                0x080024e6       0x36 Drivers/STM32F4xx_HAL_Driver/stm32f4xx_ll_usb.o
                0x080024e6                USB_ActivateSetup
 .text.USB_EP0_OutStart
                0x0800251c       0x46 Drivers/STM32F4xx_HAL_Driver/stm32f4xx_ll_usb.o
                0x0800251c                USB_EP0_OutStart
 *fill*         0x08002562        0x2 
 .text.SystemInit
                0x08002564       0x4c Drivers/CMSIS/system_stm32f4xx.o
                0x08002564                SystemInit
 .text.MX_GPIO_Init
                0x080025b0       0xec Application/User/gpio.o
                0x080025b0                MX_GPIO_Init
 .text.SystemClock_Config
                0x0800269c       0xa0 Application/User/main.o
                0x0800269c                SystemClock_Config
 .text.startup.main
                0x0800273c       0x80 Application/User/main.o
                0x0800273c                main
 .text.assert_failed
                0x080027bc        0x2 Application/User/main.o
                0x080027bc                assert_failed
 .text.HAL_MspInit
                0x080027be       0x48 Application/User/stm32f4xx_hal_msp.o
                0x080027be                HAL_MspInit
 .text.NMI_Handler
                0x08002806        0x2 Application/User/stm32f4xx_it.o
                0x08002806                NMI_Handler
 .text.HardFault_Handler
                0x08002808        0x2 Application/User/stm32f4xx_it.o
                0x08002808                HardFault_Handler
 .text.MemManage_Handler
                0x0800280a        0x2 Application/User/stm32f4xx_it.o
                0x0800280a                MemManage_Handler
 .text.BusFault_Handler
                0x0800280c        0x2 Application/User/stm32f4xx_it.o
                0x0800280c                BusFault_Handler
 .text.UsageFault_Handler
                0x0800280e        0x2 Application/User/stm32f4xx_it.o
                0x0800280e                UsageFault_Handler
 .text.DebugMon_Handler
                0x08002810        0x2 Application/User/stm32f4xx_it.o
                0x08002810                DebugMon_Handler
 .text.SysTick_Handler
                0x08002812        0xe Application/User/stm32f4xx_it.o
                0x08002812                SysTick_Handler
 .text.OTG_FS_IRQHandler
                0x08002820        0xc Application/User/stm32f4xx_it.o
                0x08002820                OTG_FS_IRQHandler
 .text.MX_USB_DEVICE_Init
                0x0800282c       0x2c Application/User/usb_device.o
                0x0800282c                MX_USB_DEVICE_Init
 .text.HAL_PCD_MspInit
                0x08002858       0x64 Application/User/usbd_conf.o
                0x08002858                HAL_PCD_MspInit
 .text.HAL_PCD_SetupStageCallback
                0x080028bc        0xe Application/User/usbd_conf.o
                0x080028bc                HAL_PCD_SetupStageCallback
 .text.HAL_PCD_DataOutStageCallback
                0x080028ca       0x12 Application/User/usbd_conf.o
                0x080028ca                HAL_PCD_DataOutStageCallback
 .text.HAL_PCD_DataInStageCallback
                0x080028dc       0x10 Application/User/usbd_conf.o
                0x080028dc                HAL_PCD_DataInStageCallback
 .text.HAL_PCD_SOFCallback
                0x080028ec        0x8 Application/User/usbd_conf.o
                0x080028ec                HAL_PCD_SOFCallback
 .text.HAL_PCD_ResetCallback
                0x080028f4       0x20 Application/User/usbd_conf.o
                0x080028f4                HAL_PCD_ResetCallback
 .text.HAL_PCD_SuspendCallback
                0x08002914       0x30 Application/User/usbd_conf.o
                0x08002914                HAL_PCD_SuspendCallback
 .text.HAL_PCD_ResumeCallback
                0x08002944        0x8 Application/User/usbd_conf.o
                0x08002944                HAL_PCD_ResumeCallback
 .text.HAL_PCD_ISOOUTIncompleteCallback
                0x0800294c        0x8 Application/User/usbd_conf.o
                0x0800294c                HAL_PCD_ISOOUTIncompleteCallback
 .text.HAL_PCD_ISOINIncompleteCallback
                0x08002954        0x8 Application/User/usbd_conf.o
                0x08002954                HAL_PCD_ISOINIncompleteCallback
 .text.HAL_PCD_ConnectCallback
                0x0800295c        0x8 Application/User/usbd_conf.o
                0x0800295c                HAL_PCD_ConnectCallback
 .text.HAL_PCD_DisconnectCallback
                0x08002964        0x8 Application/User/usbd_conf.o
                0x08002964                HAL_PCD_DisconnectCallback
 .text.USBD_LL_Init
                0x0800296c       0x5c Application/User/usbd_conf.o
                0x0800296c                USBD_LL_Init
 .text.USBD_LL_Start
                0x080029c8        0xe Application/User/usbd_conf.o
                0x080029c8                USBD_LL_Start
 .text.USBD_LL_OpenEP
                0x080029d6       0x14 Application/User/usbd_conf.o
                0x080029d6                USBD_LL_OpenEP
 .text.USBD_LL_CloseEP
                0x080029ea        0xe Application/User/usbd_conf.o
                0x080029ea                USBD_LL_CloseEP
 .text.USBD_LL_StallEP
                0x080029f8        0xe Application/User/usbd_conf.o
                0x080029f8                USBD_LL_StallEP
 .text.USBD_LL_ClearStallEP
                0x08002a06        0xe Application/User/usbd_conf.o
                0x08002a06                USBD_LL_ClearStallEP
 .text.USBD_LL_IsStallEP
                0x08002a14       0x26 Application/User/usbd_conf.o
                0x08002a14                USBD_LL_IsStallEP
 .text.USBD_LL_SetUSBAddress
                0x08002a3a        0xe Application/User/usbd_conf.o
                0x08002a3a                USBD_LL_SetUSBAddress
 .text.USBD_LL_Transmit
                0x08002a48        0xe Application/User/usbd_conf.o
                0x08002a48                USBD_LL_Transmit
 .text.USBD_LL_PrepareReceive
                0x08002a56        0xe Application/User/usbd_conf.o
                0x08002a56                USBD_LL_PrepareReceive
 .text.USBD_FS_DeviceDescriptor
                0x08002a64        0xc Application/User/usbd_desc.o
                0x08002a64                USBD_FS_DeviceDescriptor
 .text.USBD_FS_LangIDStrDescriptor
                0x08002a70        0xc Application/User/usbd_desc.o
                0x08002a70                USBD_FS_LangIDStrDescriptor
 .text.USBD_FS_ManufacturerStrDescriptor
                0x08002a7c       0x1c Application/User/usbd_desc.o
                0x08002a7c                USBD_FS_ManufacturerStrDescriptor
 .text.USBD_FS_ProductStrDescriptor
                0x08002a98       0x1c Application/User/usbd_desc.o
                0x08002a98                USBD_FS_ProductStrDescriptor
 .text.USBD_FS_SerialStrDescriptor
                0x08002ab4       0x1c Application/User/usbd_desc.o
                0x08002ab4                USBD_FS_SerialStrDescriptor
 .text.USBD_FS_ConfigStrDescriptor
                0x08002ad0       0x1c Application/User/usbd_desc.o
                0x08002ad0                USBD_FS_ConfigStrDescriptor
 .text.USBD_FS_InterfaceStrDescriptor
                0x08002aec       0x1c Application/User/usbd_desc.o
                0x08002aec                USBD_FS_InterfaceStrDescriptor
 .text.Reset_Handler
                0x08002b08       0x50 Application/SW4STM32/startup_stm32f407xx.o
                0x08002b08                Reset_Handler
 .text.Default_Handler
                0x08002b58        0x2 Application/SW4STM32/startup_stm32f407xx.o
                0x08002b58                RTC_Alarm_IRQHandler
                0x08002b58                HASH_RNG_IRQHandler
                0x08002b58                EXTI2_IRQHandler
                0x08002b58                TIM8_CC_IRQHandler
                0x08002b58                TIM1_CC_IRQHandler
                0x08002b58                DMA2_Stream5_IRQHandler
                0x08002b58                DMA1_Stream5_IRQHandler
                0x08002b58                PVD_IRQHandler
                0x08002b58                SDIO_IRQHandler
                0x08002b58                TAMP_STAMP_IRQHandler
                0x08002b58                PendSV_Handler
                0x08002b58                CAN2_RX1_IRQHandler
                0x08002b58                EXTI3_IRQHandler
                0x08002b58                TIM8_TRG_COM_TIM14_IRQHandler
                0x08002b58                TIM1_UP_TIM10_IRQHandler
                0x08002b58                TIM8_UP_TIM13_IRQHandler
                0x08002b58                I2C3_ER_IRQHandler
                0x08002b58                EXTI0_IRQHandler
                0x08002b58                I2C2_EV_IRQHandler
                0x08002b58                DMA1_Stream2_IRQHandler
                0x08002b58                CAN1_RX0_IRQHandler
                0x08002b58                FPU_IRQHandler
                0x08002b58                OTG_HS_WKUP_IRQHandler
                0x08002b58                CAN2_SCE_IRQHandler
                0x08002b58                DMA2_Stream2_IRQHandler
                0x08002b58                SPI1_IRQHandler
                0x08002b58                TIM6_DAC_IRQHandler
                0x08002b58                TIM1_BRK_TIM9_IRQHandler
                0x08002b58                DCMI_IRQHandler
                0x08002b58                CAN2_RX0_IRQHandler
                0x08002b58                DMA2_Stream3_IRQHandler
                0x08002b58                USART6_IRQHandler
                0x08002b58                USART3_IRQHandler
                0x08002b58                CAN1_RX1_IRQHandler
                0x08002b58                UART5_IRQHandler
                0x08002b58                DMA2_Stream0_IRQHandler
                0x08002b58                TIM4_IRQHandler
                0x08002b58                I2C1_EV_IRQHandler
                0x08002b58                DMA1_Stream6_IRQHandler
                0x08002b58                DMA1_Stream1_IRQHandler
                0x08002b58                UART4_IRQHandler
                0x08002b58                TIM3_IRQHandler
                0x08002b58                RCC_IRQHandler
                0x08002b58                TIM8_BRK_TIM12_IRQHandler
                0x08002b58                Default_Handler
                0x08002b58                EXTI15_10_IRQHandler
                0x08002b58                ADC_IRQHandler
                0x08002b58                DMA1_Stream7_IRQHandler
                0x08002b58                TIM7_IRQHandler
                0x08002b58                CAN2_TX_IRQHandler
                0x08002b58                TIM5_IRQHandler
                0x08002b58                DMA2_Stream7_IRQHandler
                0x08002b58                I2C3_EV_IRQHandler
                0x08002b58                EXTI9_5_IRQHandler
                0x08002b58                RTC_WKUP_IRQHandler
                0x08002b58                ETH_WKUP_IRQHandler
                0x08002b58                SPI2_IRQHandler
                0x08002b58                OTG_HS_EP1_IN_IRQHandler
                0x08002b58                DMA1_Stream0_IRQHandler
                0x08002b58                CAN1_TX_IRQHandler
                0x08002b58                SVC_Handler
                0x08002b58                EXTI4_IRQHandler
                0x08002b58                FSMC_IRQHandler
                0x08002b58                ETH_IRQHandler
                0x08002b58                OTG_HS_EP1_OUT_IRQHandler
                0x08002b58                WWDG_IRQHandler
                0x08002b58                TIM2_IRQHandler
                0x08002b58                OTG_FS_WKUP_IRQHandler
                0x08002b58                TIM1_TRG_COM_TIM11_IRQHandler
                0x08002b58                OTG_HS_IRQHandler
                0x08002b58                EXTI1_IRQHandler
                0x08002b58                USART2_IRQHandler
                0x08002b58                I2C2_ER_IRQHandler
                0x08002b58                DMA2_Stream1_IRQHandler
                0x08002b58                CAN1_SCE_IRQHandler
                0x08002b58                FLASH_IRQHandler
                0x08002b58                DMA2_Stream4_IRQHandler
                0x08002b58                USART1_IRQHandler
                0x08002b58                SPI3_IRQHandler
                0x08002b58                DMA1_Stream4_IRQHandler
                0x08002b58                I2C1_ER_IRQHandler
                0x08002b58                DMA2_Stream6_IRQHandler
                0x08002b58                DMA1_Stream3_IRQHandler
 *fill*         0x08002b5a        0x2 
 .text.__libc_init_array
                0x08002b5c       0x4c c:/ac6/systemworkbench/plugins/fr.ac6.mcu.externaltools.arm-none.win32_1.3.0.201507241045/tools/compiler/bin/../lib/gcc/arm-none-eabi/4.9.3/../../../../arm-none-eabi/lib/armv7e-m/fpu\libc_nano.a(lib_a-init.o)
                0x08002b5c                __libc_init_array
 .text.malloc   0x08002ba8       0x10 c:/ac6/systemworkbench/plugins/fr.ac6.mcu.externaltools.arm-none.win32_1.3.0.201507241045/tools/compiler/bin/../lib/gcc/arm-none-eabi/4.9.3/../../../../arm-none-eabi/lib/armv7e-m/fpu\libc_nano.a(lib_a-malloc.o)
                0x08002ba8                malloc
 .text.free     0x08002bb8       0x10 c:/ac6/systemworkbench/plugins/fr.ac6.mcu.externaltools.arm-none.win32_1.3.0.201507241045/tools/compiler/bin/../lib/gcc/arm-none-eabi/4.9.3/../../../../arm-none-eabi/lib/armv7e-m/fpu\libc_nano.a(lib_a-malloc.o)
                0x08002bb8                free
 .text._free_r  0x08002bc8       0x88 c:/ac6/systemworkbench/plugins/fr.ac6.mcu.externaltools.arm-none.win32_1.3.0.201507241045/tools/compiler/bin/../lib/gcc/arm-none-eabi/4.9.3/../../../../arm-none-eabi/lib/armv7e-m/fpu\libc_nano.a(lib_a-nano-freer.o)
                0x08002bc8                _free_r
 .text._malloc_r
                0x08002c50       0xac c:/ac6/systemworkbench/plugins/fr.ac6.mcu.externaltools.arm-none.win32_1.3.0.201507241045/tools/compiler/bin/../lib/gcc/arm-none-eabi/4.9.3/../../../../arm-none-eabi/lib/armv7e-m/fpu\libc_nano.a(lib_a-nano-mallocr.o)
                0x08002c50                _malloc_r
 .text._sbrk_r  0x08002cfc       0x20 c:/ac6/systemworkbench/plugins/fr.ac6.mcu.externaltools.arm-none.win32_1.3.0.201507241045/tools/compiler/bin/../lib/gcc/arm-none-eabi/4.9.3/../../../../arm-none-eabi/lib/armv7e-m/fpu\libc_nano.a(lib_a-sbrkr.o)
                0x08002cfc                _sbrk_r
 .text._sbrk    0x08002d1c       0x1c c:/ac6/systemworkbench/plugins/fr.ac6.mcu.externaltools.arm-none.win32_1.3.0.201507241045/tools/compiler/bin/../lib/gcc/arm-none-eabi/4.9.3/../../../../arm-none-eabi/lib/armv7e-m/fpu\libnosys.a(sbrk.o)
                0x08002d1c                _sbrk
 *(.glue_7)
 .glue_7        0x00000000        0x0 linker stubs
 *(.glue_7t)
 .glue_7t       0x00000000        0x0 linker stubs
 *(.eh_frame)
 .eh_frame      0x08002d38        0x0 c:/ac6/systemworkbench/plugins/fr.ac6.mcu.externaltools.arm-none.win32_1.3.0.201507241045/tools/compiler/bin/../lib/gcc/arm-none-eabi/4.9.3/armv7e-m/fpu/crtbegin.o
 *(.init)
 .init          0x08002d38        0x4 c:/ac6/systemworkbench/plugins/fr.ac6.mcu.externaltools.arm-none.win32_1.3.0.201507241045/tools/compiler/bin/../lib/gcc/arm-none-eabi/4.9.3/armv7e-m/fpu/crti.o
                0x08002d38                _init
 .init          0x08002d3c        0x8 c:/ac6/systemworkbench/plugins/fr.ac6.mcu.externaltools.arm-none.win32_1.3.0.201507241045/tools/compiler/bin/../lib/gcc/arm-none-eabi/4.9.3/armv7e-m/fpu/crtn.o
 *(.fini)
 .fini          0x08002d44        0x4 c:/ac6/systemworkbench/plugins/fr.ac6.mcu.externaltools.arm-none.win32_1.3.0.201507241045/tools/compiler/bin/../lib/gcc/arm-none-eabi/4.9.3/armv7e-m/fpu/crti.o
                0x08002d44                _fini
 .fini          0x08002d48        0x8 c:/ac6/systemworkbench/plugins/fr.ac6.mcu.externaltools.arm-none.win32_1.3.0.201507241045/tools/compiler/bin/../lib/gcc/arm-none-eabi/4.9.3/armv7e-m/fpu/crtn.o
                0x08002d50                . = ALIGN (0x4)
                0x08002d50                _etext = .

.vfp11_veneer   0x08002d50        0x0
 .vfp11_veneer  0x00000000        0x0 linker stubs

.v4_bx          0x08002d50        0x0
 .v4_bx         0x00000000        0x0 linker stubs

.iplt           0x08002d50        0x0
 .iplt          0x00000000        0x0 c:/ac6/systemworkbench/plugins/fr.ac6.mcu.externaltools.arm-none.win32_1.3.0.201507241045/tools/compiler/bin/../lib/gcc/arm-none-eabi/4.9.3/armv7e-m/fpu/crtbegin.o

.rodata         0x08002d50      0x198
                0x08002d50                . = ALIGN (0x4)
 *(.rodata)
 .rodata        0x08002d50       0x10 Drivers/STM32F4xx_HAL_Driver/stm32f4xx_hal_rcc.o
                0x08002d50                APBAHBPrescTable
 *(.rodata*)
 .rodata.str1.1
                0x08002d60       0x4f Drivers/STM32F4xx_HAL_Driver/stm32f4xx_hal_cortex.o
 .rodata.str1.1
                0x08002daf       0x4d Drivers/STM32F4xx_HAL_Driver/stm32f4xx_hal_gpio.o
 .rodata.str1.1
                0x08002dfc       0x4c Drivers/STM32F4xx_HAL_Driver/stm32f4xx_hal_pcd.o
 .rodata.str1.1
                0x08002e48       0x4c Drivers/STM32F4xx_HAL_Driver/stm32f4xx_hal_rcc.o
 .rodata.str1.1
                0x08002e94       0x4f Application/User/usbd_desc.o
 .rodata.str1.1
                0x08002ee3        0x2 c:/ac6/systemworkbench/plugins/fr.ac6.mcu.externaltools.arm-none.win32_1.3.0.201507241045/tools/compiler/bin/../lib/gcc/arm-none-eabi/4.9.3/../../../../arm-none-eabi/lib/armv7e-m/fpu\libc_nano.a(lib_a-impure.o)
                0x08002ee8                . = ALIGN (0x4)
 *fill*         0x08002ee5        0x3 

.rel.dyn        0x08002ee8        0x0
 .rel.iplt      0x00000000        0x0 c:/ac6/systemworkbench/plugins/fr.ac6.mcu.externaltools.arm-none.win32_1.3.0.201507241045/tools/compiler/bin/../lib/gcc/arm-none-eabi/4.9.3/armv7e-m/fpu/crtbegin.o

.ARM.extab
 *(.ARM.extab* .gnu.linkonce.armextab.*)

.ARM            0x08002ee8        0x0
                0x08002ee8                __exidx_start = .
 *(.ARM.exidx*)
                0x08002ee8                __exidx_end = .

.preinit_array  0x08002ee8        0x0
                0x08002ee8                PROVIDE (__preinit_array_start, .)
 *(.preinit_array*)
                0x08002ee8                PROVIDE (__preinit_array_end, .)

.init_array     0x08002ee8        0x4
                0x08002ee8                PROVIDE (__init_array_start, .)
 *(SORT(.init_array.*))
 *(.init_array*)
 .init_array    0x08002ee8        0x4 c:/ac6/systemworkbench/plugins/fr.ac6.mcu.externaltools.arm-none.win32_1.3.0.201507241045/tools/compiler/bin/../lib/gcc/arm-none-eabi/4.9.3/armv7e-m/fpu/crtbegin.o
                0x08002eec                PROVIDE (__init_array_end, .)

.fini_array     0x08002eec        0x4
                0x08002eec                PROVIDE (__fini_array_start, .)
 *(SORT(.fini_array.*))
 *(.fini_array*)
 .fini_array    0x08002eec        0x4 c:/ac6/systemworkbench/plugins/fr.ac6.mcu.externaltools.arm-none.win32_1.3.0.201507241045/tools/compiler/bin/../lib/gcc/arm-none-eabi/4.9.3/armv7e-m/fpu/crtbegin.o
                0x08002ef0                PROVIDE (__fini_array_end, .)
                0x08002ef0                _sidata = LOADADDR (.data)

.data           0x20000000      0x15c load address 0x08002ef0
                0x20000000                . = ALIGN (0x4)
                0x20000000                _sdata = .
 *(.data)
 .data          0x20000000       0xc0 Middlewares/USB_Device_Library/usbd_hid.o
                0x20000088                USBD_HID
 .data          0x200000c0        0x4 Drivers/CMSIS/system_stm32f4xx.o
                0x200000c0                SystemCoreClock
 .data          0x200000c4       0x34 Application/User/usbd_desc.o
                0x200000c4                USBD_FS_DeviceDesc
                0x200000d8                USBD_LangIDDesc
                0x200000dc                FS_Desc
 *(.data*)
 .data.impure_data
                0x200000f8       0x60 c:/ac6/systemworkbench/plugins/fr.ac6.mcu.externaltools.arm-none.win32_1.3.0.201507241045/tools/compiler/bin/../lib/gcc/arm-none-eabi/4.9.3/../../../../arm-none-eabi/lib/armv7e-m/fpu\libc_nano.a(lib_a-impure.o)
 .data._impure_ptr
                0x20000158        0x4 c:/ac6/systemworkbench/plugins/fr.ac6.mcu.externaltools.arm-none.win32_1.3.0.201507241045/tools/compiler/bin/../lib/gcc/arm-none-eabi/4.9.3/../../../../arm-none-eabi/lib/armv7e-m/fpu\libc_nano.a(lib_a-impure.o)
                0x20000158                _impure_ptr
                0x2000015c                . = ALIGN (0x4)
                0x2000015c                _edata = .
                0x0800304c                _siccmram = LOADADDR (.ccmram)

.jcr            0x2000015c        0x0 load address 0x0800304c
 .jcr           0x2000015c        0x0 c:/ac6/systemworkbench/plugins/fr.ac6.mcu.externaltools.arm-none.win32_1.3.0.201507241045/tools/compiler/bin/../lib/gcc/arm-none-eabi/4.9.3/armv7e-m/fpu/crtbegin.o

.igot.plt       0x2000015c        0x0 load address 0x0800304c
 .igot.plt      0x00000000        0x0 c:/ac6/systemworkbench/plugins/fr.ac6.mcu.externaltools.arm-none.win32_1.3.0.201507241045/tools/compiler/bin/../lib/gcc/arm-none-eabi/4.9.3/armv7e-m/fpu/crtbegin.o

.ccmram         0x10000000        0x0 load address 0x0800304c
                0x10000000                . = ALIGN (0x4)
                0x10000000                _sccmram = .
 *(.ccmram)
 *(.ccmram*)
                0x10000000                . = ALIGN (0x4)
                0x10000000                _eccmram = .
                0x10000000                . = ALIGN (0x4)

.bss            0x2000015c      0x810
                0x2000015c                _sbss = .
                0x2000015c                __bss_start__ = _sbss
 *(.bss)
 .bss           0x2000015c       0x1c c:/ac6/systemworkbench/plugins/fr.ac6.mcu.externaltools.arm-none.win32_1.3.0.201507241045/tools/compiler/bin/../lib/gcc/arm-none-eabi/4.9.3/armv7e-m/fpu/crtbegin.o
 .bss           0x20000178        0x1 Middlewares/USB_Device_Library/usbd_ctlreq.o
 *(.bss*)
 *fill*         0x20000179        0x3 
 .bss.__malloc_sbrk_start
                0x2000017c        0x4 c:/ac6/systemworkbench/plugins/fr.ac6.mcu.externaltools.arm-none.win32_1.3.0.201507241045/tools/compiler/bin/../lib/gcc/arm-none-eabi/4.9.3/../../../../arm-none-eabi/lib/armv7e-m/fpu\libc_nano.a(lib_a-nano-mallocr.o)
                0x2000017c                __malloc_sbrk_start
 .bss.__malloc_free_list
                0x20000180        0x4 c:/ac6/systemworkbench/plugins/fr.ac6.mcu.externaltools.arm-none.win32_1.3.0.201507241045/tools/compiler/bin/../lib/gcc/arm-none-eabi/4.9.3/../../../../arm-none-eabi/lib/armv7e-m/fpu\libc_nano.a(lib_a-nano-mallocr.o)
                0x20000180                __malloc_free_list
 .bss.heap_end.4079
                0x20000184        0x4 c:/ac6/systemworkbench/plugins/fr.ac6.mcu.externaltools.arm-none.win32_1.3.0.201507241045/tools/compiler/bin/../lib/gcc/arm-none-eabi/4.9.3/../../../../arm-none-eabi/lib/armv7e-m/fpu\libnosys.a(sbrk.o)
 *(COMMON)
 COMMON         0x20000188        0x4 Drivers/STM32F4xx_HAL_Driver/stm32f4xx_hal.o
                0x20000188                uwTick
 COMMON         0x2000018c      0x224 Application/User/usb_device.o
                0x2000018c                hUsbDeviceFS
 COMMON         0x200003b0      0x3b8 Application/User/usbd_conf.o
                0x200003b0                hpcd_USB_OTG_FS
 COMMON         0x20000768      0x200 Application/User/usbd_desc.o
                0x20000768                USBD_StrDesc
 COMMON         0x20000968        0x4 c:/ac6/systemworkbench/plugins/fr.ac6.mcu.externaltools.arm-none.win32_1.3.0.201507241045/tools/compiler/bin/../lib/gcc/arm-none-eabi/4.9.3/../../../../arm-none-eabi/lib/armv7e-m/fpu\libc_nano.a(lib_a-reent.o)
                0x20000968                errno
                0x2000096c                . = ALIGN (0x4)
                0x2000096c                _ebss = .
                0x2000096c                __bss_end__ = _ebss

._user_heap_stack
                0x2000096c      0x604
                0x20000970                . = ALIGN (0x8)
 *fill*         0x2000096c        0x4 
                0x20000970                PROVIDE (end, .)
                0x20000970                PROVIDE (_end, .)
                0x20000b70                . = (. + _Min_Heap_Size)
 *fill*         0x20000970      0x200 
                0x20000f70                . = (. + _Min_Stack_Size)
 *fill*         0x20000b70      0x400 
                0x20000f70                . = ALIGN (0x8)

/DISCARD/
 libc.a(*)
 libm.a(*)
 libgcc.a(*)

.ARM.attributes
                0x00000000       0x30
 *(.ARM.attributes)
 .ARM.attributes
                0x00000000       0x22 c:/ac6/systemworkbench/plugins/fr.ac6.mcu.externaltools.arm-none.win32_1.3.0.201507241045/tools/compiler/bin/../lib/gcc/arm-none-eabi/4.9.3/armv7e-m/fpu/crti.o
 .ARM.attributes
                0x00000022       0x34 c:/ac6/systemworkbench/plugins/fr.ac6.mcu.externaltools.arm-none.win32_1.3.0.201507241045/tools/compiler/bin/../lib/gcc/arm-none-eabi/4.9.3/armv7e-m/fpu/crtbegin.o
 .ARM.attributes
                0x00000056       0x39 Middlewares/USB_Device_Library/usbd_core.o
 .ARM.attributes
                0x0000008f       0x39 Middlewares/USB_Device_Library/usbd_ctlreq.o
 .ARM.attributes
                0x000000c8       0x39 Middlewares/USB_Device_Library/usbd_hid.o
 .ARM.attributes
                0x00000101       0x39 Middlewares/USB_Device_Library/usbd_ioreq.o
 .ARM.attributes
                0x0000013a       0x39 Drivers/STM32F4xx_HAL_Driver/stm32f4xx_hal.o
 .ARM.attributes
                0x00000173       0x39 Drivers/STM32F4xx_HAL_Driver/stm32f4xx_hal_cortex.o
 .ARM.attributes
                0x000001ac       0x39 Drivers/STM32F4xx_HAL_Driver/stm32f4xx_hal_gpio.o
 .ARM.attributes
                0x000001e5       0x39 Drivers/STM32F4xx_HAL_Driver/stm32f4xx_hal_pcd.o
 .ARM.attributes
                0x0000021e       0x39 Drivers/STM32F4xx_HAL_Driver/stm32f4xx_hal_pcd_ex.o
 .ARM.attributes
                0x00000257       0x39 Drivers/STM32F4xx_HAL_Driver/stm32f4xx_hal_rcc.o
 .ARM.attributes
                0x00000290       0x39 Drivers/STM32F4xx_HAL_Driver/stm32f4xx_ll_usb.o
 .ARM.attributes
                0x000002c9       0x39 Drivers/CMSIS/system_stm32f4xx.o
 .ARM.attributes
                0x00000302       0x39 Application/User/gpio.o
 .ARM.attributes
                0x0000033b       0x39 Application/User/main.o
 .ARM.attributes
                0x00000374       0x39 Application/User/stm32f4xx_hal_msp.o
 .ARM.attributes
                0x000003ad       0x39 Application/User/stm32f4xx_it.o
 .ARM.attributes
                0x000003e6       0x39 Application/User/usb_device.o
 .ARM.attributes
                0x0000041f       0x39 Application/User/usbd_conf.o
 .ARM.attributes
                0x00000458       0x39 Application/User/usbd_desc.o
 .ARM.attributes
                0x00000491       0x21 Application/SW4STM32/startup_stm32f407xx.o
 .ARM.attributes
                0x000004b2       0x34 c:/ac6/systemworkbench/plugins/fr.ac6.mcu.externaltools.arm-none.win32_1.3.0.201507241045/tools/compiler/bin/../lib/gcc/arm-none-eabi/4.9.3/../../../../arm-none-eabi/lib/armv7e-m/fpu\libc_nano.a(lib_a-impure.o)
 .ARM.attributes
                0x000004e6       0x34 c:/ac6/systemworkbench/plugins/fr.ac6.mcu.externaltools.arm-none.win32_1.3.0.201507241045/tools/compiler/bin/../lib/gcc/arm-none-eabi/4.9.3/../../../../arm-none-eabi/lib/armv7e-m/fpu\libc_nano.a(lib_a-init.o)
 .ARM.attributes
                0x0000051a       0x34 c:/ac6/systemworkbench/plugins/fr.ac6.mcu.externaltools.arm-none.win32_1.3.0.201507241045/tools/compiler/bin/../lib/gcc/arm-none-eabi/4.9.3/../../../../arm-none-eabi/lib/armv7e-m/fpu\libc_nano.a(lib_a-malloc.o)
 .ARM.attributes
                0x0000054e       0x34 c:/ac6/systemworkbench/plugins/fr.ac6.mcu.externaltools.arm-none.win32_1.3.0.201507241045/tools/compiler/bin/../lib/gcc/arm-none-eabi/4.9.3/../../../../arm-none-eabi/lib/armv7e-m/fpu\libc_nano.a(lib_a-nano-freer.o)
 .ARM.attributes
                0x00000582       0x34 c:/ac6/systemworkbench/plugins/fr.ac6.mcu.externaltools.arm-none.win32_1.3.0.201507241045/tools/compiler/bin/../lib/gcc/arm-none-eabi/4.9.3/../../../../arm-none-eabi/lib/armv7e-m/fpu\libc_nano.a(lib_a-nano-mallocr.o)
 .ARM.attributes
                0x000005b6       0x34 c:/ac6/systemworkbench/plugins/fr.ac6.mcu.externaltools.arm-none.win32_1.3.0.201507241045/tools/compiler/bin/../lib/gcc/arm-none-eabi/4.9.3/../../../../arm-none-eabi/lib/armv7e-m/fpu\libc_nano.a(lib_a-sbrkr.o)
 .ARM.attributes
                0x000005ea       0x34 c:/ac6/systemworkbench/plugins/fr.ac6.mcu.externaltools.arm-none.win32_1.3.0.201507241045/tools/compiler/bin/../lib/gcc/arm-none-eabi/4.9.3/../../../../arm-none-eabi/lib/armv7e-m/fpu\libc_nano.a(lib_a-reent.o)
 .ARM.attributes
                0x0000061e       0x34 c:/ac6/systemworkbench/plugins/fr.ac6.mcu.externaltools.arm-none.win32_1.3.0.201507241045/tools/compiler/bin/../lib/gcc/arm-none-eabi/4.9.3/../../../../arm-none-eabi/lib/armv7e-m/fpu\libnosys.a(sbrk.o)
 .ARM.attributes
                0x00000652       0x22 c:/ac6/systemworkbench/plugins/fr.ac6.mcu.externaltools.arm-none.win32_1.3.0.201507241045/tools/compiler/bin/../lib/gcc/arm-none-eabi/4.9.3/armv7e-m/fpu/crtn.o
OUTPUT(HID_device.elf elf32-littlearm)

.debug_info     0x00000000     0xd26b
 .debug_info    0x00000000      0xcce Middlewares/USB_Device_Library/usbd_core.o
 .debug_info    0x00000cce      0xc29 Middlewares/USB_Device_Library/usbd_ctlreq.o
 .debug_info    0x000018f7      0x946 Middlewares/USB_Device_Library/usbd_hid.o
 .debug_info    0x0000223d      0x78f Middlewares/USB_Device_Library/usbd_ioreq.o
 .debug_info    0x000029cc      0x920 Drivers/STM32F4xx_HAL_Driver/stm32f4xx_hal.o
 .debug_info    0x000032ec     0x110a Drivers/STM32F4xx_HAL_Driver/stm32f4xx_hal_cortex.o
 .debug_info    0x000043f6      0x882 Drivers/STM32F4xx_HAL_Driver/stm32f4xx_hal_gpio.o
 .debug_info    0x00004c78     0x15f5 Drivers/STM32F4xx_HAL_Driver/stm32f4xx_hal_pcd.o
 .debug_info    0x0000626d      0x561 Drivers/STM32F4xx_HAL_Driver/stm32f4xx_hal_pcd_ex.o
 .debug_info    0x000067ce      0xf93 Drivers/STM32F4xx_HAL_Driver/stm32f4xx_hal_rcc.o
 .debug_info    0x00007761     0x1618 Drivers/STM32F4xx_HAL_Driver/stm32f4xx_ll_usb.o
 .debug_info    0x00008d79      0x4a9 Drivers/CMSIS/system_stm32f4xx.o
 .debug_info    0x00009222      0x4d4 Application/User/gpio.o
 .debug_info    0x000096f6      0xcd4 Application/User/main.o
 .debug_info    0x0000a3ca      0x3db Application/User/stm32f4xx_hal_msp.o
 .debug_info    0x0000a7a5      0x577 Application/User/stm32f4xx_it.o
 .debug_info    0x0000ad1c      0x591 Application/User/usb_device.o
 .debug_info    0x0000b2ad     0x1a1c Application/User/usbd_conf.o
 .debug_info    0x0000ccc9      0x4e9 Application/User/usbd_desc.o
 .debug_info    0x0000d1b2       0xb9 Application/SW4STM32/startup_stm32f407xx.o

.debug_abbrev   0x00000000     0x27fa
 .debug_abbrev  0x00000000      0x27b Middlewares/USB_Device_Library/usbd_core.o
 .debug_abbrev  0x0000027b      0x2dc Middlewares/USB_Device_Library/usbd_ctlreq.o
 .debug_abbrev  0x00000557      0x1ff Middlewares/USB_Device_Library/usbd_hid.o
 .debug_abbrev  0x00000756      0x16d Middlewares/USB_Device_Library/usbd_ioreq.o
 .debug_abbrev  0x000008c3      0x25d Drivers/STM32F4xx_HAL_Driver/stm32f4xx_hal.o
 .debug_abbrev  0x00000b20      0x33e Drivers/STM32F4xx_HAL_Driver/stm32f4xx_hal_cortex.o
 .debug_abbrev  0x00000e5e      0x209 Drivers/STM32F4xx_HAL_Driver/stm32f4xx_hal_gpio.o
 .debug_abbrev  0x00001067      0x316 Drivers/STM32F4xx_HAL_Driver/stm32f4xx_hal_pcd.o
 .debug_abbrev  0x0000137d      0x170 Drivers/STM32F4xx_HAL_Driver/stm32f4xx_hal_pcd_ex.o
 .debug_abbrev  0x000014ed      0x353 Drivers/STM32F4xx_HAL_Driver/stm32f4xx_hal_rcc.o
 .debug_abbrev  0x00001840      0x26e Drivers/STM32F4xx_HAL_Driver/stm32f4xx_ll_usb.o
 .debug_abbrev  0x00001aae      0x104 Drivers/CMSIS/system_stm32f4xx.o
 .debug_abbrev  0x00001bb2      0x14b Application/User/gpio.o
 .debug_abbrev  0x00001cfd      0x264 Application/User/main.o
 .debug_abbrev  0x00001f61       0xd4 Application/User/stm32f4xx_hal_msp.o
 .debug_abbrev  0x00002035      0x1b0 Application/User/stm32f4xx_it.o
 .debug_abbrev  0x000021e5      0x17f Application/User/usb_device.o
 .debug_abbrev  0x00002364      0x2bd Application/User/usbd_conf.o
 .debug_abbrev  0x00002621      0x1c7 Application/User/usbd_desc.o
 .debug_abbrev  0x000027e8       0x12 Application/SW4STM32/startup_stm32f407xx.o

.debug_loc      0x00000000     0x4ce4
 .debug_loc     0x00000000      0x645 Middlewares/USB_Device_Library/usbd_core.o
 .debug_loc     0x00000645      0x741 Middlewares/USB_Device_Library/usbd_ctlreq.o
 .debug_loc     0x00000d86      0x443 Middlewares/USB_Device_Library/usbd_hid.o
 .debug_loc     0x000011c9      0x204 Middlewares/USB_Device_Library/usbd_ioreq.o
 .debug_loc     0x000013cd       0x82 Drivers/STM32F4xx_HAL_Driver/stm32f4xx_hal.o
 .debug_loc     0x0000144f      0x4c4 Drivers/STM32F4xx_HAL_Driver/stm32f4xx_hal_cortex.o
 .debug_loc     0x00001913      0x564 Drivers/STM32F4xx_HAL_Driver/stm32f4xx_hal_gpio.o
 .debug_loc     0x00001e77      0xb40 Drivers/STM32F4xx_HAL_Driver/stm32f4xx_hal_pcd.o
 .debug_loc     0x000029b7       0xcf Drivers/STM32F4xx_HAL_Driver/stm32f4xx_hal_pcd_ex.o
 .debug_loc     0x00002a86      0x46c Drivers/STM32F4xx_HAL_Driver/stm32f4xx_hal_rcc.o
 .debug_loc     0x00002ef2     0x13f4 Drivers/STM32F4xx_HAL_Driver/stm32f4xx_ll_usb.o
 .debug_loc     0x000042e6       0xda Drivers/CMSIS/system_stm32f4xx.o
 .debug_loc     0x000043c0      0x6b1 Application/User/usbd_conf.o
 .debug_loc     0x00004a71      0x273 Application/User/usbd_desc.o

.debug_aranges  0x00000000      0x920
 .debug_aranges
                0x00000000       0xb8 Middlewares/USB_Device_Library/usbd_core.o
 .debug_aranges
                0x000000b8       0x48 Middlewares/USB_Device_Library/usbd_ctlreq.o
 .debug_aranges
                0x00000100       0x58 Middlewares/USB_Device_Library/usbd_hid.o
 .debug_aranges
                0x00000158       0x50 Middlewares/USB_Device_Library/usbd_ioreq.o
 .debug_aranges
                0x000001a8       0xc0 Drivers/STM32F4xx_HAL_Driver/stm32f4xx_hal.o
 .debug_aranges
                0x00000268       0x98 Drivers/STM32F4xx_HAL_Driver/stm32f4xx_hal_cortex.o
 .debug_aranges
                0x00000300       0x58 Drivers/STM32F4xx_HAL_Driver/stm32f4xx_hal_gpio.o
 .debug_aranges
                0x00000358      0x118 Drivers/STM32F4xx_HAL_Driver/stm32f4xx_hal_pcd.o
 .debug_aranges
                0x00000470       0x28 Drivers/STM32F4xx_HAL_Driver/stm32f4xx_hal_pcd_ex.o
 .debug_aranges
                0x00000498       0x88 Drivers/STM32F4xx_HAL_Driver/stm32f4xx_hal_rcc.o
 .debug_aranges
                0x00000520      0x180 Drivers/STM32F4xx_HAL_Driver/stm32f4xx_ll_usb.o
 .debug_aranges
                0x000006a0       0x28 Drivers/CMSIS/system_stm32f4xx.o
 .debug_aranges
                0x000006c8       0x20 Application/User/gpio.o
 .debug_aranges
                0x000006e8       0x30 Application/User/main.o
 .debug_aranges
                0x00000718       0x20 Application/User/stm32f4xx_hal_msp.o
 .debug_aranges
                0x00000738       0x58 Application/User/stm32f4xx_it.o
 .debug_aranges
                0x00000790       0x20 Application/User/usb_device.o
 .debug_aranges
                0x000007b0       0xf8 Application/User/usbd_conf.o
 .debug_aranges
                0x000008a8       0x50 Application/User/usbd_desc.o
 .debug_aranges
                0x000008f8       0x28 Application/SW4STM32/startup_stm32f407xx.o

.debug_ranges   0x00000000      0xa20
 .debug_ranges  0x00000000       0xa8 Middlewares/USB_Device_Library/usbd_core.o
 .debug_ranges  0x000000a8       0x38 Middlewares/USB_Device_Library/usbd_ctlreq.o
 .debug_ranges  0x000000e0       0x48 Middlewares/USB_Device_Library/usbd_hid.o
 .debug_ranges  0x00000128       0x40 Middlewares/USB_Device_Library/usbd_ioreq.o
 .debug_ranges  0x00000168       0xb0 Drivers/STM32F4xx_HAL_Driver/stm32f4xx_hal.o
 .debug_ranges  0x00000218      0x120 Drivers/STM32F4xx_HAL_Driver/stm32f4xx_hal_cortex.o
 .debug_ranges  0x00000338       0x48 Drivers/STM32F4xx_HAL_Driver/stm32f4xx_hal_gpio.o
 .debug_ranges  0x00000380      0x108 Drivers/STM32F4xx_HAL_Driver/stm32f4xx_hal_pcd.o
 .debug_ranges  0x00000488       0x18 Drivers/STM32F4xx_HAL_Driver/stm32f4xx_hal_pcd_ex.o
 .debug_ranges  0x000004a0      0x160 Drivers/STM32F4xx_HAL_Driver/stm32f4xx_hal_rcc.o
 .debug_ranges  0x00000600      0x170 Drivers/STM32F4xx_HAL_Driver/stm32f4xx_ll_usb.o
 .debug_ranges  0x00000770       0x18 Drivers/CMSIS/system_stm32f4xx.o
 .debug_ranges  0x00000788       0x50 Application/User/gpio.o
 .debug_ranges  0x000007d8       0x20 Application/User/main.o
 .debug_ranges  0x000007f8       0x10 Application/User/stm32f4xx_hal_msp.o
 .debug_ranges  0x00000808       0x48 Application/User/stm32f4xx_it.o
 .debug_ranges  0x00000850       0x10 Application/User/usb_device.o
 .debug_ranges  0x00000860      0x100 Application/User/usbd_conf.o
 .debug_ranges  0x00000960       0xa0 Application/User/usbd_desc.o
 .debug_ranges  0x00000a00       0x20 Application/SW4STM32/startup_stm32f407xx.o

.debug_macro    0x00000000    0x14d86
 .debug_macro   0x00000000      0x30e Middlewares/USB_Device_Library/usbd_core.o
 .debug_macro   0x0000030e      0x886 Middlewares/USB_Device_Library/usbd_core.o
 .debug_macro   0x00000b94       0x58 Middlewares/USB_Device_Library/usbd_core.o
 .debug_macro   0x00000bec       0x22 Middlewares/USB_Device_Library/usbd_core.o
 .debug_macro   0x00000c0e       0x35 Middlewares/USB_Device_Library/usbd_core.o
 .debug_macro   0x00000c43       0x9c Middlewares/USB_Device_Library/usbd_core.o
 .debug_macro   0x00000cdf       0x16 Middlewares/USB_Device_Library/usbd_core.o
 .debug_macro   0x00000cf5       0x4a Middlewares/USB_Device_Library/usbd_core.o
 .debug_macro   0x00000d3f       0x97 Middlewares/USB_Device_Library/usbd_core.o
 .debug_macro   0x00000dd6      0x29d Middlewares/USB_Device_Library/usbd_core.o
 .debug_macro   0x00001073       0xef Middlewares/USB_Device_Library/usbd_core.o
 .debug_macro   0x00001162       0x10 Middlewares/USB_Device_Library/usbd_core.o
 .debug_macro   0x00001172       0x52 Middlewares/USB_Device_Library/usbd_core.o
 .debug_macro   0x000011c4       0x16 Middlewares/USB_Device_Library/usbd_core.o
 .debug_macro   0x000011da       0x43 Middlewares/USB_Device_Library/usbd_core.o
 .debug_macro   0x0000121d      0x180 Middlewares/USB_Device_Library/usbd_core.o
 .debug_macro   0x0000139d       0x10 Middlewares/USB_Device_Library/usbd_core.o
 .debug_macro   0x000013ad       0x22 Middlewares/USB_Device_Library/usbd_core.o
 .debug_macro   0x000013cf       0xbd Middlewares/USB_Device_Library/usbd_core.o
 .debug_macro   0x0000148c       0x16 Middlewares/USB_Device_Library/usbd_core.o
 .debug_macro   0x000014a2      0x196 Middlewares/USB_Device_Library/usbd_core.o
 .debug_macro   0x00001638       0x16 Middlewares/USB_Device_Library/usbd_core.o
 .debug_macro   0x0000164e       0x35 Middlewares/USB_Device_Library/usbd_core.o
 .debug_macro   0x00001683       0x16 Middlewares/USB_Device_Library/usbd_core.o
 .debug_macro   0x00001699       0x29 Middlewares/USB_Device_Library/usbd_core.o
 .debug_macro   0x000016c2       0x16 Middlewares/USB_Device_Library/usbd_core.o
 .debug_macro   0x000016d8       0x2e Middlewares/USB_Device_Library/usbd_core.o
 .debug_macro   0x00001706       0x28 Middlewares/USB_Device_Library/usbd_core.o
 .debug_macro   0x0000172e       0x1c Middlewares/USB_Device_Library/usbd_core.o
 .debug_macro   0x0000174a      0x1f7 Middlewares/USB_Device_Library/usbd_core.o
 .debug_macro   0x00001941       0x35 Middlewares/USB_Device_Library/usbd_core.o
 .debug_macro   0x00001976       0x50 Middlewares/USB_Device_Library/usbd_core.o
 .debug_macro   0x000019c6      0xe66 Middlewares/USB_Device_Library/usbd_core.o
 .debug_macro   0x0000282c     0x9358 Middlewares/USB_Device_Library/usbd_core.o
 .debug_macro   0x0000bb84       0x43 Middlewares/USB_Device_Library/usbd_core.o
 .debug_macro   0x0000bbc7      0x1b1 Middlewares/USB_Device_Library/usbd_core.o
 .debug_macro   0x0000bd78     0x33a6 Middlewares/USB_Device_Library/usbd_core.o
 .debug_macro   0x0000f11e       0x50 Middlewares/USB_Device_Library/usbd_core.o
 .debug_macro   0x0000f16e      0x964 Middlewares/USB_Device_Library/usbd_core.o
 .debug_macro   0x0000fad2      0x9da Middlewares/USB_Device_Library/usbd_core.o
 .debug_macro   0x000104ac      0x11e Middlewares/USB_Device_Library/usbd_core.o
 .debug_macro   0x000105ca      0x13e Middlewares/USB_Device_Library/usbd_core.o
 .debug_macro   0x00010708       0x27 Middlewares/USB_Device_Library/usbd_core.o
 .debug_macro   0x0001072f      0x272 Middlewares/USB_Device_Library/usbd_core.o
 .debug_macro   0x000109a1       0x5f Middlewares/USB_Device_Library/usbd_core.o
 .debug_macro   0x00010a00      0x23a Middlewares/USB_Device_Library/usbd_core.o
 .debug_macro   0x00010c3a      0x13a Middlewares/USB_Device_Library/usbd_core.o
 .debug_macro   0x00010d74      0x21e Middlewares/USB_Device_Library/usbd_core.o
 .debug_macro   0x00010f92       0x2e Middlewares/USB_Device_Library/usbd_core.o
 .debug_macro   0x00010fc0      0x11e Middlewares/USB_Device_Library/usbd_core.o
 .debug_macro   0x000110de       0x7f Middlewares/USB_Device_Library/usbd_core.o
 .debug_macro   0x0001115d       0x89 Middlewares/USB_Device_Library/usbd_core.o
 .debug_macro   0x000111e6      0x1df Middlewares/USB_Device_Library/usbd_core.o
 .debug_macro   0x000113c5      0x115 Middlewares/USB_Device_Library/usbd_core.o
 .debug_macro   0x000114da      0x125 Middlewares/USB_Device_Library/usbd_core.o
 .debug_macro   0x000115ff       0x6a Middlewares/USB_Device_Library/usbd_core.o
 .debug_macro   0x00011669      0x1c9 Middlewares/USB_Device_Library/usbd_core.o
 .debug_macro   0x00011832      0x318 Middlewares/USB_Device_Library/usbd_ctlreq.o
 .debug_macro   0x00011b4a      0x1c3 Middlewares/USB_Device_Library/usbd_ctlreq.o
 .debug_macro   0x00011d0d      0x335 Middlewares/USB_Device_Library/usbd_hid.o
 .debug_macro   0x00012042       0x6a Middlewares/USB_Device_Library/usbd_hid.o
 .debug_macro   0x000120ac      0x314 Middlewares/USB_Device_Library/usbd_ioreq.o
 .debug_macro   0x000123c0      0x2d7 Drivers/STM32F4xx_HAL_Driver/stm32f4xx_hal.o
 .debug_macro   0x00012697       0x44 Drivers/STM32F4xx_HAL_Driver/stm32f4xx_hal.o
 .debug_macro   0x000126db      0x289 Drivers/STM32F4xx_HAL_Driver/stm32f4xx_hal_cortex.o
 .debug_macro   0x00012964      0x2c1 Drivers/STM32F4xx_HAL_Driver/stm32f4xx_hal_gpio.o
 .debug_macro   0x00012c25      0x295 Drivers/STM32F4xx_HAL_Driver/stm32f4xx_hal_pcd.o
 .debug_macro   0x00012eba      0x289 Drivers/STM32F4xx_HAL_Driver/stm32f4xx_hal_pcd_ex.o
 .debug_macro   0x00013143      0x2b3 Drivers/STM32F4xx_HAL_Driver/stm32f4xx_hal_rcc.o
 .debug_macro   0x000133f6      0x297 Drivers/STM32F4xx_HAL_Driver/stm32f4xx_ll_usb.o
 .debug_macro   0x0001368d      0x28f Drivers/CMSIS/system_stm32f4xx.o
 .debug_macro   0x0001391c      0x293 Application/User/gpio.o
 .debug_macro   0x00013baf      0x306 Application/User/main.o
 .debug_macro   0x00013eb5      0x289 Application/User/stm32f4xx_hal_msp.o
 .debug_macro   0x0001413e      0x293 Application/User/stm32f4xx_it.o
 .debug_macro   0x000143d1      0x345 Application/User/usb_device.o
 .debug_macro   0x00014716      0x31e Application/User/usbd_conf.o
 .debug_macro   0x00014a34      0x352 Application/User/usbd_desc.o

.debug_line     0x00000000     0xa418
 .debug_line    0x00000000      0x94a Middlewares/USB_Device_Library/usbd_core.o
 .debug_line    0x0000094a      0x87e Middlewares/USB_Device_Library/usbd_ctlreq.o
 .debug_line    0x000011c8      0x88e Middlewares/USB_Device_Library/usbd_hid.o
 .debug_line    0x00001a56      0x7f3 Middlewares/USB_Device_Library/usbd_ioreq.o
 .debug_line    0x00002249      0x82e Drivers/STM32F4xx_HAL_Driver/stm32f4xx_hal.o
 .debug_line    0x00002a77      0x940 Drivers/STM32F4xx_HAL_Driver/stm32f4xx_hal_cortex.o
 .debug_line    0x000033b7      0x957 Drivers/STM32F4xx_HAL_Driver/stm32f4xx_hal_gpio.o
 .debug_line    0x00003d0e      0xc11 Drivers/STM32F4xx_HAL_Driver/stm32f4xx_hal_pcd.o
 .debug_line    0x0000491f      0x6d7 Drivers/STM32F4xx_HAL_Driver/stm32f4xx_hal_pcd_ex.o
 .debug_line    0x00004ff6      0xa88 Drivers/STM32F4xx_HAL_Driver/stm32f4xx_hal_rcc.o
 .debug_line    0x00005a7e      0xc70 Drivers/STM32F4xx_HAL_Driver/stm32f4xx_ll_usb.o
 .debug_line    0x000066ee      0x6ed Drivers/CMSIS/system_stm32f4xx.o
 .debug_line    0x00006ddb      0x6d1 Application/User/gpio.o
 .debug_line    0x000074ac      0x7f8 Application/User/main.o
 .debug_line    0x00007ca4      0x695 Application/User/stm32f4xx_hal_msp.o
 .debug_line    0x00008339      0x727 Application/User/stm32f4xx_it.o
 .debug_line    0x00008a60      0x7ba Application/User/usb_device.o
 .debug_line    0x0000921a      0x96c Application/User/usbd_conf.o
 .debug_line    0x00009b86      0x7d0 Application/User/usbd_desc.o
 .debug_line    0x0000a356       0xc2 Application/SW4STM32/startup_stm32f407xx.o

.debug_str      0x00000000    0x774ea
 .debug_str     0x00000000    0x7471f Middlewares/USB_Device_Library/usbd_core.o
                              0x74a74 (size before relaxing)
 .debug_str     0x0007471f      0x15b Middlewares/USB_Device_Library/usbd_ctlreq.o
                              0x7498e (size before relaxing)
 .debug_str     0x0007487a      0x38e Middlewares/USB_Device_Library/usbd_hid.o
                              0x74b8a (size before relaxing)
 .debug_str     0x00074c08       0x8d Middlewares/USB_Device_Library/usbd_ioreq.o
                              0x748bb (size before relaxing)
 .debug_str     0x00074c95      0xb0e Drivers/STM32F4xx_HAL_Driver/stm32f4xx_hal.o
                              0x745d0 (size before relaxing)
 .debug_str     0x000757a3      0x3a2 Drivers/STM32F4xx_HAL_Driver/stm32f4xx_hal_cortex.o
                              0x74443 (size before relaxing)
 .debug_str     0x00075b45      0x2f5 Drivers/STM32F4xx_HAL_Driver/stm32f4xx_hal_gpio.o
                              0x73e54 (size before relaxing)
 .debug_str     0x00075e3a      0x9cd Drivers/STM32F4xx_HAL_Driver/stm32f4xx_hal_pcd.o
                              0x74488 (size before relaxing)
 .debug_str     0x00076807       0x63 Drivers/STM32F4xx_HAL_Driver/stm32f4xx_hal_pcd_ex.o
                              0x73db5 (size before relaxing)
 .debug_str     0x0007686a      0x3b2 Drivers/STM32F4xx_HAL_Driver/stm32f4xx_hal_rcc.o
                              0x73ff2 (size before relaxing)
 .debug_str     0x00076c1c      0x3c7 Drivers/STM32F4xx_HAL_Driver/stm32f4xx_ll_usb.o
                              0x743f8 (size before relaxing)
 .debug_str     0x00076fe3       0x9d Drivers/CMSIS/system_stm32f4xx.o
                              0x73bef (size before relaxing)
 .debug_str     0x00077080       0x39 Application/User/gpio.o
                              0x73b8c (size before relaxing)
 .debug_str     0x000770b9       0x6f Application/User/main.o
                              0x74faa (size before relaxing)
 .debug_str     0x00077128       0x2f Application/User/stm32f4xx_hal_msp.o
                              0x73f2b (size before relaxing)
 .debug_str     0x00077157       0xd3 Application/User/stm32f4xx_it.o
                              0x73df6 (size before relaxing)
 .debug_str     0x0007722a       0x30 Application/User/usb_device.o
                              0x749cd (size before relaxing)
 .debug_str     0x0007725a       0x45 Application/User/usbd_conf.o
                              0x7568b (size before relaxing)
 .debug_str     0x0007729f      0x24b Application/User/usbd_desc.o
                              0x74756 (size before relaxing)

.comment        0x00000000       0x70
 .comment       0x00000000       0x70 Middlewares/USB_Device_Library/usbd_core.o
                                 0x71 (size before relaxing)
 .comment       0x00000000       0x71 Middlewares/USB_Device_Library/usbd_ctlreq.o
 .comment       0x00000000       0x71 Middlewares/USB_Device_Library/usbd_hid.o
 .comment       0x00000000       0x71 Middlewares/USB_Device_Library/usbd_ioreq.o
 .comment       0x00000000       0x71 Drivers/STM32F4xx_HAL_Driver/stm32f4xx_hal.o
 .comment       0x00000000       0x71 Drivers/STM32F4xx_HAL_Driver/stm32f4xx_hal_cortex.o
 .comment       0x00000000       0x71 Drivers/STM32F4xx_HAL_Driver/stm32f4xx_hal_gpio.o
 .comment       0x00000000       0x71 Drivers/STM32F4xx_HAL_Driver/stm32f4xx_hal_pcd.o
 .comment       0x00000000       0x71 Drivers/STM32F4xx_HAL_Driver/stm32f4xx_hal_pcd_ex.o
 .comment       0x00000000       0x71 Drivers/STM32F4xx_HAL_Driver/stm32f4xx_hal_rcc.o
 .comment       0x00000000       0x71 Drivers/STM32F4xx_HAL_Driver/stm32f4xx_ll_usb.o
 .comment       0x00000000       0x71 Drivers/CMSIS/system_stm32f4xx.o
 .comment       0x00000000       0x71 Application/User/gpio.o
 .comment       0x00000000       0x71 Application/User/main.o
 .comment       0x00000000       0x71 Application/User/stm32f4xx_hal_msp.o
 .comment       0x00000000       0x71 Application/User/stm32f4xx_it.o
 .comment       0x00000000       0x71 Application/User/usb_device.o
 .comment       0x00000000       0x71 Application/User/usbd_conf.o
 .comment       0x00000000       0x71 Application/User/usbd_desc.o

.debug_frame    0x00000000     0x16d4
 .debug_frame   0x00000000      0x1bc Middlewares/USB_Device_Library/usbd_core.o
 .debug_frame   0x000001bc       0xb0 Middlewares/USB_Device_Library/usbd_ctlreq.o
 .debug_frame   0x0000026c       0xb8 Middlewares/USB_Device_Library/usbd_hid.o
 .debug_frame   0x00000324       0xc0 Middlewares/USB_Device_Library/usbd_ioreq.o
 .debug_frame   0x000003e4      0x184 Drivers/STM32F4xx_HAL_Driver/stm32f4xx_hal.o
 .debug_frame   0x00000568      0x180 Drivers/STM32F4xx_HAL_Driver/stm32f4xx_hal_cortex.o
 .debug_frame   0x000006e8       0xf0 Drivers/STM32F4xx_HAL_Driver/stm32f4xx_hal_gpio.o
 .debug_frame   0x000007d8      0x2c4 Drivers/STM32F4xx_HAL_Driver/stm32f4xx_hal_pcd.o
 .debug_frame   0x00000a9c       0x3c Drivers/STM32F4xx_HAL_Driver/stm32f4xx_hal_pcd_ex.o
 .debug_frame   0x00000ad8      0x158 Drivers/STM32F4xx_HAL_Driver/stm32f4xx_hal_rcc.o
 .debug_frame   0x00000c30      0x47c Drivers/STM32F4xx_HAL_Driver/stm32f4xx_ll_usb.o
 .debug_frame   0x000010ac       0x30 Drivers/CMSIS/system_stm32f4xx.o
 .debug_frame   0x000010dc       0x34 Application/User/gpio.o
 .debug_frame   0x00001110       0x5c Application/User/main.o
 .debug_frame   0x0000116c       0x2c Application/User/stm32f4xx_hal_msp.o
 .debug_frame   0x00001198       0x9c Application/User/stm32f4xx_it.o
 .debug_frame   0x00001234       0x2c Application/User/usb_device.o
 .debug_frame   0x00001260      0x270 Application/User/usbd_conf.o
 .debug_frame   0x000014d0       0xa8 Application/User/usbd_desc.o
 .debug_frame   0x00001578       0x2c c:/ac6/systemworkbench/plugins/fr.ac6.mcu.externaltools.arm-none.win32_1.3.0.201507241045/tools/compiler/bin/../lib/gcc/arm-none-eabi/4.9.3/../../../../arm-none-eabi/lib/armv7e-m/fpu\libc_nano.a(lib_a-init.o)
 .debug_frame   0x000015a4       0x30 c:/ac6/systemworkbench/plugins/fr.ac6.mcu.externaltools.arm-none.win32_1.3.0.201507241045/tools/compiler/bin/../lib/gcc/arm-none-eabi/4.9.3/../../../../arm-none-eabi/lib/armv7e-m/fpu\libc_nano.a(lib_a-malloc.o)
 .debug_frame   0x000015d4       0x2c c:/ac6/systemworkbench/plugins/fr.ac6.mcu.externaltools.arm-none.win32_1.3.0.201507241045/tools/compiler/bin/../lib/gcc/arm-none-eabi/4.9.3/../../../../arm-none-eabi/lib/armv7e-m/fpu\libc_nano.a(lib_a-nano-freer.o)
 .debug_frame   0x00001600       0x2c c:/ac6/systemworkbench/plugins/fr.ac6.mcu.externaltools.arm-none.win32_1.3.0.201507241045/tools/compiler/bin/../lib/gcc/arm-none-eabi/4.9.3/../../../../arm-none-eabi/lib/armv7e-m/fpu\libc_nano.a(lib_a-nano-mallocr.o)
 .debug_frame   0x0000162c       0x2c c:/ac6/systemworkbench/plugins/fr.ac6.mcu.externaltools.arm-none.win32_1.3.0.201507241045/tools/compiler/bin/../lib/gcc/arm-none-eabi/4.9.3/../../../../arm-none-eabi/lib/armv7e-m/fpu\libc_nano.a(lib_a-sbrkr.o)
 .debug_frame   0x00001658       0x5c c:/ac6/systemworkbench/plugins/fr.ac6.mcu.externaltools.arm-none.win32_1.3.0.201507241045/tools/compiler/bin/../lib/gcc/arm-none-eabi/4.9.3/../../../../arm-none-eabi/lib/armv7e-m/fpu\libc_nano.a(lib_a-reent.o)
 .debug_frame   0x000016b4       0x20 c:/ac6/systemworkbench/plugins/fr.ac6.mcu.externaltools.arm-none.win32_1.3.0.201507241045/tools/compiler/bin/../lib/gcc/arm-none-eabi/4.9.3/../../../../arm-none-eabi/lib/armv7e-m/fpu\libnosys.a(sbrk.o)
